$ python recover.py
Connected to pool
Fetch registry: KJKW5xiNXeGHLhXeMwH1pk:4:KJKW5xiNXeGHLhXeMwH1pk:3:CL:39610:default:CL_ACCUM:ec631ced-b985-403f-bdad-e7f2da219660
Tails URL: https://tails-test.vonx.io/KJKW5xiNXeGHLhXeMwH1pk:4:KJKW5xiNXeGHLhXeMwH1pk:3:CL:39610:default:CL_ACCUM:ec631ced-b985-403f-bdad-e7f2da219660
Checked tails hash: DBmpqzDbBZpg8uFdi5TwuS7JPJiP57iUR4RwtwxFn6mB
Registry: {"ver":"1.0","value":{"accum":"21 1152813DA199A2DCDFD9662C311AD90AD703BB2FFBAA841D4A44FF08C450F9E6C 21 10E54BE4F1B993C100078141EE65330A44B260EE13FD26809A961AA0C88E7A510 6 7425BA23219DA1252856A710DD1FFCB87E45D336E17CD46723A8564237EED715 4 25BD0FF1B2BC6FC3F5DA31D48EB1E5231ED55B16E6BCAD9EAD3A61FDFC6DFFCF 6 74EF69FA134D90E65DE5722566E984D0333425C38A4A9358FB5011BE1188DE30 4 21C1BC1B720E436D08566D54EAC9CC1D88629834FDF82E80C01ED279141F920A"}}
Ledger revoked indexes: {1, 5}
New revoked indexes: {3, 6}
tails_temp: /var/folders/j3/b8bqy8ns2cqf6q1dgn_nnh6r0000gn/T/tmpi36gopzw
New delta:
{"ver":"1.0","value":{
  "prevAccum":"21 1152813DA199A2DCDFD9662C311AD90AD703BB2FFBAA841D4A44FF08C450F9E6C 21 10E54BE4F1B993C100078141EE65330A44B260EE13FD26809A961AA0C88E7A510 6 7425BA23219DA1252856A710DD1FFCB87E45D336E17CD46723A8564237EED715 4 25BD0FF1B2BC6FC3F5DA31D48EB1E5231ED55B16E6BCAD9EAD3A61FDFC6DFFCF 6 74EF69FA134D90E65DE5722566E984D0333425C38A4A9358FB5011BE1188DE30 4 21C1BC1B720E436D08566D54EAC9CC1D88629834FDF82E80C01ED279141F920A","accum":"21 1411E8F7A48AED6BCA5870B602B91A9D21CDCAC1D6251A77ADBC632FC50EBA812 21 11A0049C1FD6A4BAF80B30D4C70C23E8D611D1683D3BB56B0AAD2D39D55823EA8 6 7043CEBF8D48F7ADB55C1E425E1C379AA3111B98F51D463F5CFE74C81CB36A78 4 23ABE624F767DE225E66B98C0F5CB5BC57534F8980DC89F6981D8B730611F74E 6 76D2597CC93AA71CFE019A33AE0D5EF4EF2DA5F982F9B906873EF9DB3E930D27 4 092A5B95AF980633F37894E3005797A22EEAC711B3EAD58012C2CC13234A9940",
  "revoked":[3,6]}
}
